#-----------------------------------------------------------
# Vivado v2022.2 (64-bit)
# SW Build 3671981 on Fri Oct 14 05:00:03 MDT 2022
# IP Build 3669848 on Fri Oct 14 08:30:02 MDT 2022
# Start of session at: Tue Jan  2 21:07:25 2024
# Process ID: 35648
# Current directory: D:/Project/FPGA/026_UART_RS232_StateMachine
# Command line: vivado.exe -gui_launcher_event rodinguilauncherevent31052 D:\Project\FPGA\026_UART_RS232_StateMachine\026_UART_RS232_StateMachine.xpr
# Log file: D:/Project/FPGA/026_UART_RS232_StateMachine/vivado.log
# Journal file: D:/Project/FPGA/026_UART_RS232_StateMachine\vivado.jou
# Running On: Smile, OS: Windows, CPU Frequency: 2803 MHz, CPU Physical cores: 14, Host memory: 16849 MB
#-----------------------------------------------------------
start_gui
open_project D:/Project/FPGA/026_UART_RS232_StateMachine/026_UART_RS232_StateMachine.xpr
update_compile_order -fileset sources_1
launch_simulation
source UART_Sendmultiplebytes1_tb.tcl
current_wave_config {Untitled 1}
add_wave {{/UART_Sendmultiplebytes1_tb/u1}} 
relaunch_sim
run all
restart
relaunch_sim
run all
relaunch_sim
run all
relaunch_sim
run all
relaunch_sim
run all
relaunch_sim
run all
relaunch_sim
run all
reset_run synth_1
launch_runs impl_1 -to_step write_bitstream -jobs 15
wait_on_run impl_1
reset_run synth_1
launch_runs impl_1 -to_step write_bitstream -jobs 15
wait_on_run impl_1
open_hw_manager
connect_hw_server -allow_non_jtag
open_hw_target
set_property PROGRAM.FILE {D:/Project/FPGA/026_UART_RS232_StateMachine/026_UART_RS232_StateMachine.runs/impl_1/UART_Sendmultiplebytes1.bit} [get_hw_devices xc7a35t_0]
set_property PROBES.FILE {D:/Project/FPGA/026_UART_RS232_StateMachine/026_UART_RS232_StateMachine.runs/impl_1/UART_Sendmultiplebytes1.ltx} [get_hw_devices xc7a35t_0]
set_property FULL_PROBES.FILE {D:/Project/FPGA/026_UART_RS232_StateMachine/026_UART_RS232_StateMachine.runs/impl_1/UART_Sendmultiplebytes1.ltx} [get_hw_devices xc7a35t_0]
current_hw_device [get_hw_devices xc7a35t_0]
refresh_hw_device [lindex [get_hw_devices xc7a35t_0] 0]
set_property PROBES.FILE {D:/Project/FPGA/026_UART_RS232_StateMachine/026_UART_RS232_StateMachine.runs/impl_1/UART_Sendmultiplebytes1.ltx} [get_hw_devices xc7a35t_0]
set_property FULL_PROBES.FILE {D:/Project/FPGA/026_UART_RS232_StateMachine/026_UART_RS232_StateMachine.runs/impl_1/UART_Sendmultiplebytes1.ltx} [get_hw_devices xc7a35t_0]
set_property PROGRAM.FILE {D:/Project/FPGA/026_UART_RS232_StateMachine/026_UART_RS232_StateMachine.runs/impl_1/UART_Sendmultiplebytes1.bit} [get_hw_devices xc7a35t_0]
program_hw_devices [get_hw_devices xc7a35t_0]
refresh_hw_device [lindex [get_hw_devices xc7a35t_0] 0]
set_property OUTPUT_VALUE 00000000000000000000 [get_hw_probes senddata -of_objects [get_hw_vios -of_objects [get_hw_devices xc7a35t_0] -filter {CELL_NAME=~"UART_Sendmultiplebytes1"}]]
commit_hw_vio [get_hw_probes {senddata} -of_objects [get_hw_vios -of_objects [get_hw_devices xc7a35t_0] -filter {CELL_NAME=~"UART_Sendmultiplebytes1"}]]
startgroup
set_property OUTPUT_VALUE 1 [get_hw_probes test_en -of_objects [get_hw_vios -of_objects [get_hw_devices xc7a35t_0] -filter {CELL_NAME=~"UART_Sendmultiplebytes1"}]]
commit_hw_vio [get_hw_probes {test_en} -of_objects [get_hw_vios -of_objects [get_hw_devices xc7a35t_0] -filter {CELL_NAME=~"UART_Sendmultiplebytes1"}]]
endgroup
startgroup
set_property OUTPUT_VALUE 0 [get_hw_probes test_en -of_objects [get_hw_vios -of_objects [get_hw_devices xc7a35t_0] -filter {CELL_NAME=~"UART_Sendmultiplebytes1"}]]
commit_hw_vio [get_hw_probes {test_en} -of_objects [get_hw_vios -of_objects [get_hw_devices xc7a35t_0] -filter {CELL_NAME=~"UART_Sendmultiplebytes1"}]]
endgroup
set_property OUTPUT_VALUE 554F592045464F4C2049 [get_hw_probes senddata -of_objects [get_hw_vios -of_objects [get_hw_devices xc7a35t_0] -filter {CELL_NAME=~"UART_Sendmultiplebytes1"}]]
commit_hw_vio [get_hw_probes {senddata} -of_objects [get_hw_vios -of_objects [get_hw_devices xc7a35t_0] -filter {CELL_NAME=~"UART_Sendmultiplebytes1"}]]
startgroup
set_property OUTPUT_VALUE 1 [get_hw_probes test_en -of_objects [get_hw_vios -of_objects [get_hw_devices xc7a35t_0] -filter {CELL_NAME=~"UART_Sendmultiplebytes1"}]]
commit_hw_vio [get_hw_probes {test_en} -of_objects [get_hw_vios -of_objects [get_hw_devices xc7a35t_0] -filter {CELL_NAME=~"UART_Sendmultiplebytes1"}]]
endgroup
startgroup
set_property OUTPUT_VALUE 0 [get_hw_probes test_en -of_objects [get_hw_vios -of_objects [get_hw_devices xc7a35t_0] -filter {CELL_NAME=~"UART_Sendmultiplebytes1"}]]
commit_hw_vio [get_hw_probes {test_en} -of_objects [get_hw_vios -of_objects [get_hw_devices xc7a35t_0] -filter {CELL_NAME=~"UART_Sendmultiplebytes1"}]]
endgroup
startgroup
set_property OUTPUT_VALUE 1 [get_hw_probes test_en -of_objects [get_hw_vios -of_objects [get_hw_devices xc7a35t_0] -filter {CELL_NAME=~"UART_Sendmultiplebytes1"}]]
commit_hw_vio [get_hw_probes {test_en} -of_objects [get_hw_vios -of_objects [get_hw_devices xc7a35t_0] -filter {CELL_NAME=~"UART_Sendmultiplebytes1"}]]
endgroup
startgroup
set_property OUTPUT_VALUE 0 [get_hw_probes test_en -of_objects [get_hw_vios -of_objects [get_hw_devices xc7a35t_0] -filter {CELL_NAME=~"UART_Sendmultiplebytes1"}]]
commit_hw_vio [get_hw_probes {test_en} -of_objects [get_hw_vios -of_objects [get_hw_devices xc7a35t_0] -filter {CELL_NAME=~"UART_Sendmultiplebytes1"}]]
endgroup
startgroup
set_property OUTPUT_VALUE 1 [get_hw_probes test_en -of_objects [get_hw_vios -of_objects [get_hw_devices xc7a35t_0] -filter {CELL_NAME=~"UART_Sendmultiplebytes1"}]]
commit_hw_vio [get_hw_probes {test_en} -of_objects [get_hw_vios -of_objects [get_hw_devices xc7a35t_0] -filter {CELL_NAME=~"UART_Sendmultiplebytes1"}]]
endgroup
startgroup
set_property OUTPUT_VALUE 0 [get_hw_probes test_en -of_objects [get_hw_vios -of_objects [get_hw_devices xc7a35t_0] -filter {CELL_NAME=~"UART_Sendmultiplebytes1"}]]
commit_hw_vio [get_hw_probes {test_en} -of_objects [get_hw_vios -of_objects [get_hw_devices xc7a35t_0] -filter {CELL_NAME=~"UART_Sendmultiplebytes1"}]]
endgroup
startgroup
set_property OUTPUT_VALUE 1 [get_hw_probes test_en -of_objects [get_hw_vios -of_objects [get_hw_devices xc7a35t_0] -filter {CELL_NAME=~"UART_Sendmultiplebytes1"}]]
commit_hw_vio [get_hw_probes {test_en} -of_objects [get_hw_vios -of_objects [get_hw_devices xc7a35t_0] -filter {CELL_NAME=~"UART_Sendmultiplebytes1"}]]
endgroup
startgroup
set_property OUTPUT_VALUE 0 [get_hw_probes test_en -of_objects [get_hw_vios -of_objects [get_hw_devices xc7a35t_0] -filter {CELL_NAME=~"UART_Sendmultiplebytes1"}]]
commit_hw_vio [get_hw_probes {test_en} -of_objects [get_hw_vios -of_objects [get_hw_devices xc7a35t_0] -filter {CELL_NAME=~"UART_Sendmultiplebytes1"}]]
endgroup
startgroup
set_property OUTPUT_VALUE 1 [get_hw_probes test_en -of_objects [get_hw_vios -of_objects [get_hw_devices xc7a35t_0] -filter {CELL_NAME=~"UART_Sendmultiplebytes1"}]]
commit_hw_vio [get_hw_probes {test_en} -of_objects [get_hw_vios -of_objects [get_hw_devices xc7a35t_0] -filter {CELL_NAME=~"UART_Sendmultiplebytes1"}]]
endgroup
startgroup
set_property OUTPUT_VALUE 0 [get_hw_probes test_en -of_objects [get_hw_vios -of_objects [get_hw_devices xc7a35t_0] -filter {CELL_NAME=~"UART_Sendmultiplebytes1"}]]
commit_hw_vio [get_hw_probes {test_en} -of_objects [get_hw_vios -of_objects [get_hw_devices xc7a35t_0] -filter {CELL_NAME=~"UART_Sendmultiplebytes1"}]]
endgroup
startgroup
set_property OUTPUT_VALUE 1 [get_hw_probes test_en -of_objects [get_hw_vios -of_objects [get_hw_devices xc7a35t_0] -filter {CELL_NAME=~"UART_Sendmultiplebytes1"}]]
commit_hw_vio [get_hw_probes {test_en} -of_objects [get_hw_vios -of_objects [get_hw_devices xc7a35t_0] -filter {CELL_NAME=~"UART_Sendmultiplebytes1"}]]
endgroup
startgroup
set_property OUTPUT_VALUE 0 [get_hw_probes test_en -of_objects [get_hw_vios -of_objects [get_hw_devices xc7a35t_0] -filter {CELL_NAME=~"UART_Sendmultiplebytes1"}]]
commit_hw_vio [get_hw_probes {test_en} -of_objects [get_hw_vios -of_objects [get_hw_devices xc7a35t_0] -filter {CELL_NAME=~"UART_Sendmultiplebytes1"}]]
endgroup
startgroup
set_property OUTPUT_VALUE 1 [get_hw_probes test_en -of_objects [get_hw_vios -of_objects [get_hw_devices xc7a35t_0] -filter {CELL_NAME=~"UART_Sendmultiplebytes1"}]]
commit_hw_vio [get_hw_probes {test_en} -of_objects [get_hw_vios -of_objects [get_hw_devices xc7a35t_0] -filter {CELL_NAME=~"UART_Sendmultiplebytes1"}]]
endgroup
startgroup
set_property OUTPUT_VALUE 0 [get_hw_probes test_en -of_objects [get_hw_vios -of_objects [get_hw_devices xc7a35t_0] -filter {CELL_NAME=~"UART_Sendmultiplebytes1"}]]
commit_hw_vio [get_hw_probes {test_en} -of_objects [get_hw_vios -of_objects [get_hw_devices xc7a35t_0] -filter {CELL_NAME=~"UART_Sendmultiplebytes1"}]]
endgroup
startgroup
set_property OUTPUT_VALUE 1 [get_hw_probes test_en -of_objects [get_hw_vios -of_objects [get_hw_devices xc7a35t_0] -filter {CELL_NAME=~"UART_Sendmultiplebytes1"}]]
commit_hw_vio [get_hw_probes {test_en} -of_objects [get_hw_vios -of_objects [get_hw_devices xc7a35t_0] -filter {CELL_NAME=~"UART_Sendmultiplebytes1"}]]
endgroup
startgroup
set_property OUTPUT_VALUE 0 [get_hw_probes test_en -of_objects [get_hw_vios -of_objects [get_hw_devices xc7a35t_0] -filter {CELL_NAME=~"UART_Sendmultiplebytes1"}]]
commit_hw_vio [get_hw_probes {test_en} -of_objects [get_hw_vios -of_objects [get_hw_devices xc7a35t_0] -filter {CELL_NAME=~"UART_Sendmultiplebytes1"}]]
endgroup
reset_run synth_1
launch_runs impl_1 -to_step write_bitstream -jobs 15
wait_on_run impl_1
open_run impl_1
set_property PROBES.FILE {D:/Project/FPGA/026_UART_RS232_StateMachine/026_UART_RS232_StateMachine.runs/impl_1/UART_Sendmultiplebytes1.ltx} [get_hw_devices xc7a35t_0]
set_property FULL_PROBES.FILE {D:/Project/FPGA/026_UART_RS232_StateMachine/026_UART_RS232_StateMachine.runs/impl_1/UART_Sendmultiplebytes1.ltx} [get_hw_devices xc7a35t_0]
set_property PROGRAM.FILE {D:/Project/FPGA/026_UART_RS232_StateMachine/026_UART_RS232_StateMachine.runs/impl_1/UART_Sendmultiplebytes1.bit} [get_hw_devices xc7a35t_0]
program_hw_devices [get_hw_devices xc7a35t_0]
refresh_hw_device [lindex [get_hw_devices xc7a35t_0] 0]
startgroup
set_property OUTPUT_VALUE 1 [get_hw_probes test_en -of_objects [get_hw_vios -of_objects [get_hw_devices xc7a35t_0] -filter {CELL_NAME=~"UART_Sendmultiplebytes1"}]]
commit_hw_vio [get_hw_probes {test_en} -of_objects [get_hw_vios -of_objects [get_hw_devices xc7a35t_0] -filter {CELL_NAME=~"UART_Sendmultiplebytes1"}]]
endgroup
startgroup
set_property OUTPUT_VALUE 0 [get_hw_probes test_en -of_objects [get_hw_vios -of_objects [get_hw_devices xc7a35t_0] -filter {CELL_NAME=~"UART_Sendmultiplebytes1"}]]
commit_hw_vio [get_hw_probes {test_en} -of_objects [get_hw_vios -of_objects [get_hw_devices xc7a35t_0] -filter {CELL_NAME=~"UART_Sendmultiplebytes1"}]]
endgroup
startgroup
set_property OUTPUT_VALUE 1 [get_hw_probes test_en -of_objects [get_hw_vios -of_objects [get_hw_devices xc7a35t_0] -filter {CELL_NAME=~"UART_Sendmultiplebytes1"}]]
commit_hw_vio [get_hw_probes {test_en} -of_objects [get_hw_vios -of_objects [get_hw_devices xc7a35t_0] -filter {CELL_NAME=~"UART_Sendmultiplebytes1"}]]
endgroup
startgroup
set_property OUTPUT_VALUE 0 [get_hw_probes test_en -of_objects [get_hw_vios -of_objects [get_hw_devices xc7a35t_0] -filter {CELL_NAME=~"UART_Sendmultiplebytes1"}]]
commit_hw_vio [get_hw_probes {test_en} -of_objects [get_hw_vios -of_objects [get_hw_devices xc7a35t_0] -filter {CELL_NAME=~"UART_Sendmultiplebytes1"}]]
endgroup
startgroup
set_property OUTPUT_VALUE 1 [get_hw_probes test_en -of_objects [get_hw_vios -of_objects [get_hw_devices xc7a35t_0] -filter {CELL_NAME=~"UART_Sendmultiplebytes1"}]]
commit_hw_vio [get_hw_probes {test_en} -of_objects [get_hw_vios -of_objects [get_hw_devices xc7a35t_0] -filter {CELL_NAME=~"UART_Sendmultiplebytes1"}]]
endgroup
startgroup
set_property OUTPUT_VALUE 0 [get_hw_probes test_en -of_objects [get_hw_vios -of_objects [get_hw_devices xc7a35t_0] -filter {CELL_NAME=~"UART_Sendmultiplebytes1"}]]
commit_hw_vio [get_hw_probes {test_en} -of_objects [get_hw_vios -of_objects [get_hw_devices xc7a35t_0] -filter {CELL_NAME=~"UART_Sendmultiplebytes1"}]]
endgroup
set_property OUTPUT_VALUE 00000000000000000000 [get_hw_probes senddata -of_objects [get_hw_vios -of_objects [get_hw_devices xc7a35t_0] -filter {CELL_NAME=~"UART_Sendmultiplebytes1"}]]
commit_hw_vio [get_hw_probes {senddata} -of_objects [get_hw_vios -of_objects [get_hw_devices xc7a35t_0] -filter {CELL_NAME=~"UART_Sendmultiplebytes1"}]]
startgroup
set_property OUTPUT_VALUE 1 [get_hw_probes test_en -of_objects [get_hw_vios -of_objects [get_hw_devices xc7a35t_0] -filter {CELL_NAME=~"UART_Sendmultiplebytes1"}]]
commit_hw_vio [get_hw_probes {test_en} -of_objects [get_hw_vios -of_objects [get_hw_devices xc7a35t_0] -filter {CELL_NAME=~"UART_Sendmultiplebytes1"}]]
endgroup
startgroup
set_property OUTPUT_VALUE 0 [get_hw_probes test_en -of_objects [get_hw_vios -of_objects [get_hw_devices xc7a35t_0] -filter {CELL_NAME=~"UART_Sendmultiplebytes1"}]]
commit_hw_vio [get_hw_probes {test_en} -of_objects [get_hw_vios -of_objects [get_hw_devices xc7a35t_0] -filter {CELL_NAME=~"UART_Sendmultiplebytes1"}]]
endgroup
startgroup
set_property OUTPUT_VALUE 1 [get_hw_probes test_en -of_objects [get_hw_vios -of_objects [get_hw_devices xc7a35t_0] -filter {CELL_NAME=~"UART_Sendmultiplebytes1"}]]
commit_hw_vio [get_hw_probes {test_en} -of_objects [get_hw_vios -of_objects [get_hw_devices xc7a35t_0] -filter {CELL_NAME=~"UART_Sendmultiplebytes1"}]]
endgroup
startgroup
set_property OUTPUT_VALUE 0 [get_hw_probes test_en -of_objects [get_hw_vios -of_objects [get_hw_devices xc7a35t_0] -filter {CELL_NAME=~"UART_Sendmultiplebytes1"}]]
commit_hw_vio [get_hw_probes {test_en} -of_objects [get_hw_vios -of_objects [get_hw_devices xc7a35t_0] -filter {CELL_NAME=~"UART_Sendmultiplebytes1"}]]
endgroup
set_property OUTPUT_VALUE 554F592045464F4C2049 [get_hw_probes senddata -of_objects [get_hw_vios -of_objects [get_hw_devices xc7a35t_0] -filter {CELL_NAME=~"UART_Sendmultiplebytes1"}]]
commit_hw_vio [get_hw_probes {senddata} -of_objects [get_hw_vios -of_objects [get_hw_devices xc7a35t_0] -filter {CELL_NAME=~"UART_Sendmultiplebytes1"}]]
startgroup
set_property OUTPUT_VALUE 1 [get_hw_probes test_en -of_objects [get_hw_vios -of_objects [get_hw_devices xc7a35t_0] -filter {CELL_NAME=~"UART_Sendmultiplebytes1"}]]
commit_hw_vio [get_hw_probes {test_en} -of_objects [get_hw_vios -of_objects [get_hw_devices xc7a35t_0] -filter {CELL_NAME=~"UART_Sendmultiplebytes1"}]]
endgroup
startgroup
set_property OUTPUT_VALUE 0 [get_hw_probes test_en -of_objects [get_hw_vios -of_objects [get_hw_devices xc7a35t_0] -filter {CELL_NAME=~"UART_Sendmultiplebytes1"}]]
commit_hw_vio [get_hw_probes {test_en} -of_objects [get_hw_vios -of_objects [get_hw_devices xc7a35t_0] -filter {CELL_NAME=~"UART_Sendmultiplebytes1"}]]
endgroup
startgroup
set_property OUTPUT_VALUE 1 [get_hw_probes test_en -of_objects [get_hw_vios -of_objects [get_hw_devices xc7a35t_0] -filter {CELL_NAME=~"UART_Sendmultiplebytes1"}]]
commit_hw_vio [get_hw_probes {test_en} -of_objects [get_hw_vios -of_objects [get_hw_devices xc7a35t_0] -filter {CELL_NAME=~"UART_Sendmultiplebytes1"}]]
endgroup
startgroup
set_property OUTPUT_VALUE 0 [get_hw_probes test_en -of_objects [get_hw_vios -of_objects [get_hw_devices xc7a35t_0] -filter {CELL_NAME=~"UART_Sendmultiplebytes1"}]]
commit_hw_vio [get_hw_probes {test_en} -of_objects [get_hw_vios -of_objects [get_hw_devices xc7a35t_0] -filter {CELL_NAME=~"UART_Sendmultiplebytes1"}]]
endgroup
startgroup
set_property OUTPUT_VALUE 1 [get_hw_probes test_en -of_objects [get_hw_vios -of_objects [get_hw_devices xc7a35t_0] -filter {CELL_NAME=~"UART_Sendmultiplebytes1"}]]
commit_hw_vio [get_hw_probes {test_en} -of_objects [get_hw_vios -of_objects [get_hw_devices xc7a35t_0] -filter {CELL_NAME=~"UART_Sendmultiplebytes1"}]]
endgroup
startgroup
set_property OUTPUT_VALUE 0 [get_hw_probes test_en -of_objects [get_hw_vios -of_objects [get_hw_devices xc7a35t_0] -filter {CELL_NAME=~"UART_Sendmultiplebytes1"}]]
commit_hw_vio [get_hw_probes {test_en} -of_objects [get_hw_vios -of_objects [get_hw_devices xc7a35t_0] -filter {CELL_NAME=~"UART_Sendmultiplebytes1"}]]
endgroup
startgroup
set_property OUTPUT_VALUE 1 [get_hw_probes test_en -of_objects [get_hw_vios -of_objects [get_hw_devices xc7a35t_0] -filter {CELL_NAME=~"UART_Sendmultiplebytes1"}]]
commit_hw_vio [get_hw_probes {test_en} -of_objects [get_hw_vios -of_objects [get_hw_devices xc7a35t_0] -filter {CELL_NAME=~"UART_Sendmultiplebytes1"}]]
endgroup
startgroup
set_property OUTPUT_VALUE 0 [get_hw_probes test_en -of_objects [get_hw_vios -of_objects [get_hw_devices xc7a35t_0] -filter {CELL_NAME=~"UART_Sendmultiplebytes1"}]]
commit_hw_vio [get_hw_probes {test_en} -of_objects [get_hw_vios -of_objects [get_hw_devices xc7a35t_0] -filter {CELL_NAME=~"UART_Sendmultiplebytes1"}]]
endgroup
startgroup
set_property OUTPUT_VALUE 1 [get_hw_probes test_en -of_objects [get_hw_vios -of_objects [get_hw_devices xc7a35t_0] -filter {CELL_NAME=~"UART_Sendmultiplebytes1"}]]
commit_hw_vio [get_hw_probes {test_en} -of_objects [get_hw_vios -of_objects [get_hw_devices xc7a35t_0] -filter {CELL_NAME=~"UART_Sendmultiplebytes1"}]]
endgroup
startgroup
set_property OUTPUT_VALUE 0 [get_hw_probes test_en -of_objects [get_hw_vios -of_objects [get_hw_devices xc7a35t_0] -filter {CELL_NAME=~"UART_Sendmultiplebytes1"}]]
commit_hw_vio [get_hw_probes {test_en} -of_objects [get_hw_vios -of_objects [get_hw_devices xc7a35t_0] -filter {CELL_NAME=~"UART_Sendmultiplebytes1"}]]
endgroup
startgroup
set_property OUTPUT_VALUE 1 [get_hw_probes test_en -of_objects [get_hw_vios -of_objects [get_hw_devices xc7a35t_0] -filter {CELL_NAME=~"UART_Sendmultiplebytes1"}]]
commit_hw_vio [get_hw_probes {test_en} -of_objects [get_hw_vios -of_objects [get_hw_devices xc7a35t_0] -filter {CELL_NAME=~"UART_Sendmultiplebytes1"}]]
endgroup
startgroup
set_property OUTPUT_VALUE 0 [get_hw_probes test_en -of_objects [get_hw_vios -of_objects [get_hw_devices xc7a35t_0] -filter {CELL_NAME=~"UART_Sendmultiplebytes1"}]]
commit_hw_vio [get_hw_probes {test_en} -of_objects [get_hw_vios -of_objects [get_hw_devices xc7a35t_0] -filter {CELL_NAME=~"UART_Sendmultiplebytes1"}]]
endgroup
startgroup
set_property OUTPUT_VALUE 1 [get_hw_probes test_en -of_objects [get_hw_vios -of_objects [get_hw_devices xc7a35t_0] -filter {CELL_NAME=~"UART_Sendmultiplebytes1"}]]
commit_hw_vio [get_hw_probes {test_en} -of_objects [get_hw_vios -of_objects [get_hw_devices xc7a35t_0] -filter {CELL_NAME=~"UART_Sendmultiplebytes1"}]]
endgroup
startgroup
set_property OUTPUT_VALUE 0 [get_hw_probes test_en -of_objects [get_hw_vios -of_objects [get_hw_devices xc7a35t_0] -filter {CELL_NAME=~"UART_Sendmultiplebytes1"}]]
commit_hw_vio [get_hw_probes {test_en} -of_objects [get_hw_vios -of_objects [get_hw_devices xc7a35t_0] -filter {CELL_NAME=~"UART_Sendmultiplebytes1"}]]
endgroup
reset_run synth_1
launch_runs impl_1 -to_step write_bitstream -jobs 15
wait_on_run impl_1
set_property PROBES.FILE {D:/Project/FPGA/026_UART_RS232_StateMachine/026_UART_RS232_StateMachine.runs/impl_1/UART_Sendmultiplebytes1.ltx} [get_hw_devices xc7a35t_0]
set_property FULL_PROBES.FILE {D:/Project/FPGA/026_UART_RS232_StateMachine/026_UART_RS232_StateMachine.runs/impl_1/UART_Sendmultiplebytes1.ltx} [get_hw_devices xc7a35t_0]
set_property PROGRAM.FILE {D:/Project/FPGA/026_UART_RS232_StateMachine/026_UART_RS232_StateMachine.runs/impl_1/UART_Sendmultiplebytes1.bit} [get_hw_devices xc7a35t_0]
program_hw_devices [get_hw_devices xc7a35t_0]
refresh_hw_device [lindex [get_hw_devices xc7a35t_0] 0]
set_property OUTPUT_VALUE 00000000000000000000 [get_hw_probes senddata -of_objects [get_hw_vios -of_objects [get_hw_devices xc7a35t_0] -filter {CELL_NAME=~"UART_Sendmultiplebytes1"}]]
commit_hw_vio [get_hw_probes {senddata} -of_objects [get_hw_vios -of_objects [get_hw_devices xc7a35t_0] -filter {CELL_NAME=~"UART_Sendmultiplebytes1"}]]
startgroup
set_property OUTPUT_VALUE 1 [get_hw_probes test_en -of_objects [get_hw_vios -of_objects [get_hw_devices xc7a35t_0] -filter {CELL_NAME=~"UART_Sendmultiplebytes1"}]]
commit_hw_vio [get_hw_probes {test_en} -of_objects [get_hw_vios -of_objects [get_hw_devices xc7a35t_0] -filter {CELL_NAME=~"UART_Sendmultiplebytes1"}]]
endgroup
startgroup
set_property OUTPUT_VALUE 0 [get_hw_probes test_en -of_objects [get_hw_vios -of_objects [get_hw_devices xc7a35t_0] -filter {CELL_NAME=~"UART_Sendmultiplebytes1"}]]
commit_hw_vio [get_hw_probes {test_en} -of_objects [get_hw_vios -of_objects [get_hw_devices xc7a35t_0] -filter {CELL_NAME=~"UART_Sendmultiplebytes1"}]]
endgroup
startgroup
set_property OUTPUT_VALUE 1 [get_hw_probes test_en -of_objects [get_hw_vios -of_objects [get_hw_devices xc7a35t_0] -filter {CELL_NAME=~"UART_Sendmultiplebytes1"}]]
commit_hw_vio [get_hw_probes {test_en} -of_objects [get_hw_vios -of_objects [get_hw_devices xc7a35t_0] -filter {CELL_NAME=~"UART_Sendmultiplebytes1"}]]
endgroup
startgroup
set_property OUTPUT_VALUE 0 [get_hw_probes test_en -of_objects [get_hw_vios -of_objects [get_hw_devices xc7a35t_0] -filter {CELL_NAME=~"UART_Sendmultiplebytes1"}]]
commit_hw_vio [get_hw_probes {test_en} -of_objects [get_hw_vios -of_objects [get_hw_devices xc7a35t_0] -filter {CELL_NAME=~"UART_Sendmultiplebytes1"}]]
endgroup
set_property OUTPUT_VALUE 554F592045464F4C2049 [get_hw_probes senddata -of_objects [get_hw_vios -of_objects [get_hw_devices xc7a35t_0] -filter {CELL_NAME=~"UART_Sendmultiplebytes1"}]]
commit_hw_vio [get_hw_probes {senddata} -of_objects [get_hw_vios -of_objects [get_hw_devices xc7a35t_0] -filter {CELL_NAME=~"UART_Sendmultiplebytes1"}]]
startgroup
set_property OUTPUT_VALUE 1 [get_hw_probes test_en -of_objects [get_hw_vios -of_objects [get_hw_devices xc7a35t_0] -filter {CELL_NAME=~"UART_Sendmultiplebytes1"}]]
commit_hw_vio [get_hw_probes {test_en} -of_objects [get_hw_vios -of_objects [get_hw_devices xc7a35t_0] -filter {CELL_NAME=~"UART_Sendmultiplebytes1"}]]
endgroup
startgroup
set_property OUTPUT_VALUE 0 [get_hw_probes test_en -of_objects [get_hw_vios -of_objects [get_hw_devices xc7a35t_0] -filter {CELL_NAME=~"UART_Sendmultiplebytes1"}]]
commit_hw_vio [get_hw_probes {test_en} -of_objects [get_hw_vios -of_objects [get_hw_devices xc7a35t_0] -filter {CELL_NAME=~"UART_Sendmultiplebytes1"}]]
endgroup
startgroup
set_property OUTPUT_VALUE 1 [get_hw_probes test_en -of_objects [get_hw_vios -of_objects [get_hw_devices xc7a35t_0] -filter {CELL_NAME=~"UART_Sendmultiplebytes1"}]]
commit_hw_vio [get_hw_probes {test_en} -of_objects [get_hw_vios -of_objects [get_hw_devices xc7a35t_0] -filter {CELL_NAME=~"UART_Sendmultiplebytes1"}]]
endgroup
startgroup
set_property OUTPUT_VALUE 0 [get_hw_probes test_en -of_objects [get_hw_vios -of_objects [get_hw_devices xc7a35t_0] -filter {CELL_NAME=~"UART_Sendmultiplebytes1"}]]
commit_hw_vio [get_hw_probes {test_en} -of_objects [get_hw_vios -of_objects [get_hw_devices xc7a35t_0] -filter {CELL_NAME=~"UART_Sendmultiplebytes1"}]]
endgroup
startgroup
set_property OUTPUT_VALUE 1 [get_hw_probes test_en -of_objects [get_hw_vios -of_objects [get_hw_devices xc7a35t_0] -filter {CELL_NAME=~"UART_Sendmultiplebytes1"}]]
commit_hw_vio [get_hw_probes {test_en} -of_objects [get_hw_vios -of_objects [get_hw_devices xc7a35t_0] -filter {CELL_NAME=~"UART_Sendmultiplebytes1"}]]
endgroup
startgroup
set_property OUTPUT_VALUE 0 [get_hw_probes test_en -of_objects [get_hw_vios -of_objects [get_hw_devices xc7a35t_0] -filter {CELL_NAME=~"UART_Sendmultiplebytes1"}]]
commit_hw_vio [get_hw_probes {test_en} -of_objects [get_hw_vios -of_objects [get_hw_devices xc7a35t_0] -filter {CELL_NAME=~"UART_Sendmultiplebytes1"}]]
endgroup
startgroup
set_property OUTPUT_VALUE 1 [get_hw_probes test_en -of_objects [get_hw_vios -of_objects [get_hw_devices xc7a35t_0] -filter {CELL_NAME=~"UART_Sendmultiplebytes1"}]]
commit_hw_vio [get_hw_probes {test_en} -of_objects [get_hw_vios -of_objects [get_hw_devices xc7a35t_0] -filter {CELL_NAME=~"UART_Sendmultiplebytes1"}]]
endgroup
startgroup
set_property OUTPUT_VALUE 0 [get_hw_probes test_en -of_objects [get_hw_vios -of_objects [get_hw_devices xc7a35t_0] -filter {CELL_NAME=~"UART_Sendmultiplebytes1"}]]
commit_hw_vio [get_hw_probes {test_en} -of_objects [get_hw_vios -of_objects [get_hw_devices xc7a35t_0] -filter {CELL_NAME=~"UART_Sendmultiplebytes1"}]]
endgroup
startgroup
set_property OUTPUT_VALUE 1 [get_hw_probes test_en -of_objects [get_hw_vios -of_objects [get_hw_devices xc7a35t_0] -filter {CELL_NAME=~"UART_Sendmultiplebytes1"}]]
commit_hw_vio [get_hw_probes {test_en} -of_objects [get_hw_vios -of_objects [get_hw_devices xc7a35t_0] -filter {CELL_NAME=~"UART_Sendmultiplebytes1"}]]
endgroup
startgroup
set_property OUTPUT_VALUE 0 [get_hw_probes test_en -of_objects [get_hw_vios -of_objects [get_hw_devices xc7a35t_0] -filter {CELL_NAME=~"UART_Sendmultiplebytes1"}]]
commit_hw_vio [get_hw_probes {test_en} -of_objects [get_hw_vios -of_objects [get_hw_devices xc7a35t_0] -filter {CELL_NAME=~"UART_Sendmultiplebytes1"}]]
endgroup
startgroup
set_property OUTPUT_VALUE 1 [get_hw_probes test_en -of_objects [get_hw_vios -of_objects [get_hw_devices xc7a35t_0] -filter {CELL_NAME=~"UART_Sendmultiplebytes1"}]]
commit_hw_vio [get_hw_probes {test_en} -of_objects [get_hw_vios -of_objects [get_hw_devices xc7a35t_0] -filter {CELL_NAME=~"UART_Sendmultiplebytes1"}]]
endgroup
startgroup
set_property OUTPUT_VALUE 0 [get_hw_probes test_en -of_objects [get_hw_vios -of_objects [get_hw_devices xc7a35t_0] -filter {CELL_NAME=~"UART_Sendmultiplebytes1"}]]
commit_hw_vio [get_hw_probes {test_en} -of_objects [get_hw_vios -of_objects [get_hw_devices xc7a35t_0] -filter {CELL_NAME=~"UART_Sendmultiplebytes1"}]]
endgroup
reset_run impl_1 -prev_step 
launch_runs impl_1 -to_step write_bitstream -jobs 15
wait_on_run impl_1
set_property PROBES.FILE {D:/Project/FPGA/026_UART_RS232_StateMachine/026_UART_RS232_StateMachine.runs/impl_1/UART_Sendmultiplebytes1.ltx} [get_hw_devices xc7a35t_0]
set_property FULL_PROBES.FILE {D:/Project/FPGA/026_UART_RS232_StateMachine/026_UART_RS232_StateMachine.runs/impl_1/UART_Sendmultiplebytes1.ltx} [get_hw_devices xc7a35t_0]
set_property PROGRAM.FILE {D:/Project/FPGA/026_UART_RS232_StateMachine/026_UART_RS232_StateMachine.runs/impl_1/UART_Sendmultiplebytes1.bit} [get_hw_devices xc7a35t_0]
program_hw_devices [get_hw_devices xc7a35t_0]
refresh_hw_device [lindex [get_hw_devices xc7a35t_0] 0]
set_property OUTPUT_VALUE 00000000000000000000 [get_hw_probes senddata -of_objects [get_hw_vios -of_objects [get_hw_devices xc7a35t_0] -filter {CELL_NAME=~"UART_Sendmultiplebytes1"}]]
commit_hw_vio [get_hw_probes {senddata} -of_objects [get_hw_vios -of_objects [get_hw_devices xc7a35t_0] -filter {CELL_NAME=~"UART_Sendmultiplebytes1"}]]
startgroup
set_property OUTPUT_VALUE 1 [get_hw_probes test_en -of_objects [get_hw_vios -of_objects [get_hw_devices xc7a35t_0] -filter {CELL_NAME=~"UART_Sendmultiplebytes1"}]]
commit_hw_vio [get_hw_probes {test_en} -of_objects [get_hw_vios -of_objects [get_hw_devices xc7a35t_0] -filter {CELL_NAME=~"UART_Sendmultiplebytes1"}]]
endgroup
startgroup
set_property OUTPUT_VALUE 0 [get_hw_probes test_en -of_objects [get_hw_vios -of_objects [get_hw_devices xc7a35t_0] -filter {CELL_NAME=~"UART_Sendmultiplebytes1"}]]
commit_hw_vio [get_hw_probes {test_en} -of_objects [get_hw_vios -of_objects [get_hw_devices xc7a35t_0] -filter {CELL_NAME=~"UART_Sendmultiplebytes1"}]]
endgroup
startgroup
set_property OUTPUT_VALUE 1 [get_hw_probes test_en -of_objects [get_hw_vios -of_objects [get_hw_devices xc7a35t_0] -filter {CELL_NAME=~"UART_Sendmultiplebytes1"}]]
commit_hw_vio [get_hw_probes {test_en} -of_objects [get_hw_vios -of_objects [get_hw_devices xc7a35t_0] -filter {CELL_NAME=~"UART_Sendmultiplebytes1"}]]
endgroup
startgroup
set_property OUTPUT_VALUE 0 [get_hw_probes test_en -of_objects [get_hw_vios -of_objects [get_hw_devices xc7a35t_0] -filter {CELL_NAME=~"UART_Sendmultiplebytes1"}]]
commit_hw_vio [get_hw_probes {test_en} -of_objects [get_hw_vios -of_objects [get_hw_devices xc7a35t_0] -filter {CELL_NAME=~"UART_Sendmultiplebytes1"}]]
endgroup
set_property OUTPUT_VALUE 554F592045464F4C2049 [get_hw_probes senddata -of_objects [get_hw_vios -of_objects [get_hw_devices xc7a35t_0] -filter {CELL_NAME=~"UART_Sendmultiplebytes1"}]]
commit_hw_vio [get_hw_probes {senddata} -of_objects [get_hw_vios -of_objects [get_hw_devices xc7a35t_0] -filter {CELL_NAME=~"UART_Sendmultiplebytes1"}]]
startgroup
set_property OUTPUT_VALUE 1 [get_hw_probes test_en -of_objects [get_hw_vios -of_objects [get_hw_devices xc7a35t_0] -filter {CELL_NAME=~"UART_Sendmultiplebytes1"}]]
commit_hw_vio [get_hw_probes {test_en} -of_objects [get_hw_vios -of_objects [get_hw_devices xc7a35t_0] -filter {CELL_NAME=~"UART_Sendmultiplebytes1"}]]
endgroup
startgroup
set_property OUTPUT_VALUE 0 [get_hw_probes test_en -of_objects [get_hw_vios -of_objects [get_hw_devices xc7a35t_0] -filter {CELL_NAME=~"UART_Sendmultiplebytes1"}]]
commit_hw_vio [get_hw_probes {test_en} -of_objects [get_hw_vios -of_objects [get_hw_devices xc7a35t_0] -filter {CELL_NAME=~"UART_Sendmultiplebytes1"}]]
endgroup
startgroup
set_property OUTPUT_VALUE 1 [get_hw_probes test_en -of_objects [get_hw_vios -of_objects [get_hw_devices xc7a35t_0] -filter {CELL_NAME=~"UART_Sendmultiplebytes1"}]]
commit_hw_vio [get_hw_probes {test_en} -of_objects [get_hw_vios -of_objects [get_hw_devices xc7a35t_0] -filter {CELL_NAME=~"UART_Sendmultiplebytes1"}]]
endgroup
startgroup
set_property OUTPUT_VALUE 0 [get_hw_probes test_en -of_objects [get_hw_vios -of_objects [get_hw_devices xc7a35t_0] -filter {CELL_NAME=~"UART_Sendmultiplebytes1"}]]
commit_hw_vio [get_hw_probes {test_en} -of_objects [get_hw_vios -of_objects [get_hw_devices xc7a35t_0] -filter {CELL_NAME=~"UART_Sendmultiplebytes1"}]]
endgroup
close_sim
launch_simulation
source UART_Sendmultiplebytes1_tb.tcl
run all
current_wave_config {Untitled 2}
add_wave {{/UART_Sendmultiplebytes1_tb/u1}} 
relaunch_sim
run all
relaunch_sim
run all
relaunch_sim
run all
add_bp {D:/Project/FPGA/025_UART_RS232_Sendmultiplebyte/UART_Sendmultiplebyte/UART_Sendmultiplebyte.srcs/sources_1/new/UART_Sendmultiplebytes1.v} 80
remove_bps -file {D:/Project/FPGA/025_UART_RS232_Sendmultiplebyte/UART_Sendmultiplebyte/UART_Sendmultiplebyte.srcs/sources_1/new/UART_Sendmultiplebytes1.v} -line 80
add_bp {D:/Project/FPGA/025_UART_RS232_Sendmultiplebyte/UART_Sendmultiplebyte/UART_Sendmultiplebyte.srcs/sources_1/new/UART_Sendmultiplebytes1.v} 88
remove_bps -file {D:/Project/FPGA/025_UART_RS232_Sendmultiplebyte/UART_Sendmultiplebyte/UART_Sendmultiplebyte.srcs/sources_1/new/UART_Sendmultiplebytes1.v} -line 88
relaunch_sim
run all
relaunch_sim
run all
reset_run synth_1
launch_runs impl_1 -to_step write_bitstream -jobs 15
wait_on_run impl_1
reset_run impl_1 -prev_step 
launch_runs impl_1 -to_step write_bitstream -jobs 15
wait_on_run impl_1
synth_design -rtl -rtl_skip_mlo -name rtl_1
reset_run synth_1
launch_runs synth_1 -jobs 15
wait_on_run synth_1
launch_runs impl_1 -jobs 15
wait_on_run impl_1
current_design impl_1
refresh_design
launch_runs impl_1 -to_step write_bitstream -jobs 15
wait_on_run impl_1
disconnect_hw_server localhost:3121
connect_hw_server -allow_non_jtag
open_hw_target
set_property PROBES.FILE {D:/Project/FPGA/026_UART_RS232_StateMachine/026_UART_RS232_StateMachine.runs/impl_1/UART_Sendmultiplebytes1.ltx} [get_hw_devices xc7a35t_0]
set_property FULL_PROBES.FILE {D:/Project/FPGA/026_UART_RS232_StateMachine/026_UART_RS232_StateMachine.runs/impl_1/UART_Sendmultiplebytes1.ltx} [get_hw_devices xc7a35t_0]
set_property PROGRAM.FILE {D:/Project/FPGA/026_UART_RS232_StateMachine/026_UART_RS232_StateMachine.runs/impl_1/UART_Sendmultiplebytes1.bit} [get_hw_devices xc7a35t_0]
program_hw_devices [get_hw_devices xc7a35t_0]
refresh_hw_device [lindex [get_hw_devices xc7a35t_0] 0]
set_property OUTPUT_VALUE 00000000000000000000 [get_hw_probes senddata -of_objects [get_hw_vios -of_objects [get_hw_devices xc7a35t_0] -filter {CELL_NAME=~"UART_Sendmultiplebytes1"}]]
commit_hw_vio [get_hw_probes {senddata} -of_objects [get_hw_vios -of_objects [get_hw_devices xc7a35t_0] -filter {CELL_NAME=~"UART_Sendmultiplebytes1"}]]
startgroup
set_property OUTPUT_VALUE 1 [get_hw_probes test_en -of_objects [get_hw_vios -of_objects [get_hw_devices xc7a35t_0] -filter {CELL_NAME=~"UART_Sendmultiplebytes1"}]]
commit_hw_vio [get_hw_probes {test_en} -of_objects [get_hw_vios -of_objects [get_hw_devices xc7a35t_0] -filter {CELL_NAME=~"UART_Sendmultiplebytes1"}]]
endgroup
startgroup
set_property OUTPUT_VALUE 0 [get_hw_probes test_en -of_objects [get_hw_vios -of_objects [get_hw_devices xc7a35t_0] -filter {CELL_NAME=~"UART_Sendmultiplebytes1"}]]
commit_hw_vio [get_hw_probes {test_en} -of_objects [get_hw_vios -of_objects [get_hw_devices xc7a35t_0] -filter {CELL_NAME=~"UART_Sendmultiplebytes1"}]]
endgroup
set_property OUTPUT_VALUE 554F592045464F4C2049 [get_hw_probes senddata -of_objects [get_hw_vios -of_objects [get_hw_devices xc7a35t_0] -filter {CELL_NAME=~"UART_Sendmultiplebytes1"}]]
commit_hw_vio [get_hw_probes {senddata} -of_objects [get_hw_vios -of_objects [get_hw_devices xc7a35t_0] -filter {CELL_NAME=~"UART_Sendmultiplebytes1"}]]
startgroup
set_property OUTPUT_VALUE 1 [get_hw_probes test_en -of_objects [get_hw_vios -of_objects [get_hw_devices xc7a35t_0] -filter {CELL_NAME=~"UART_Sendmultiplebytes1"}]]
commit_hw_vio [get_hw_probes {test_en} -of_objects [get_hw_vios -of_objects [get_hw_devices xc7a35t_0] -filter {CELL_NAME=~"UART_Sendmultiplebytes1"}]]
endgroup
startgroup
set_property OUTPUT_VALUE 0 [get_hw_probes test_en -of_objects [get_hw_vios -of_objects [get_hw_devices xc7a35t_0] -filter {CELL_NAME=~"UART_Sendmultiplebytes1"}]]
commit_hw_vio [get_hw_probes {test_en} -of_objects [get_hw_vios -of_objects [get_hw_devices xc7a35t_0] -filter {CELL_NAME=~"UART_Sendmultiplebytes1"}]]
endgroup
startgroup
set_property OUTPUT_VALUE 1 [get_hw_probes test_en -of_objects [get_hw_vios -of_objects [get_hw_devices xc7a35t_0] -filter {CELL_NAME=~"UART_Sendmultiplebytes1"}]]
commit_hw_vio [get_hw_probes {test_en} -of_objects [get_hw_vios -of_objects [get_hw_devices xc7a35t_0] -filter {CELL_NAME=~"UART_Sendmultiplebytes1"}]]
endgroup
startgroup
set_property OUTPUT_VALUE 0 [get_hw_probes test_en -of_objects [get_hw_vios -of_objects [get_hw_devices xc7a35t_0] -filter {CELL_NAME=~"UART_Sendmultiplebytes1"}]]
commit_hw_vio [get_hw_probes {test_en} -of_objects [get_hw_vios -of_objects [get_hw_devices xc7a35t_0] -filter {CELL_NAME=~"UART_Sendmultiplebytes1"}]]
endgroup
startgroup
set_property OUTPUT_VALUE 1 [get_hw_probes test_en -of_objects [get_hw_vios -of_objects [get_hw_devices xc7a35t_0] -filter {CELL_NAME=~"UART_Sendmultiplebytes1"}]]
commit_hw_vio [get_hw_probes {test_en} -of_objects [get_hw_vios -of_objects [get_hw_devices xc7a35t_0] -filter {CELL_NAME=~"UART_Sendmultiplebytes1"}]]
endgroup
startgroup
set_property OUTPUT_VALUE 0 [get_hw_probes test_en -of_objects [get_hw_vios -of_objects [get_hw_devices xc7a35t_0] -filter {CELL_NAME=~"UART_Sendmultiplebytes1"}]]
commit_hw_vio [get_hw_probes {test_en} -of_objects [get_hw_vios -of_objects [get_hw_devices xc7a35t_0] -filter {CELL_NAME=~"UART_Sendmultiplebytes1"}]]
endgroup
startgroup
set_property OUTPUT_VALUE 1 [get_hw_probes test_en -of_objects [get_hw_vios -of_objects [get_hw_devices xc7a35t_0] -filter {CELL_NAME=~"UART_Sendmultiplebytes1"}]]
commit_hw_vio [get_hw_probes {test_en} -of_objects [get_hw_vios -of_objects [get_hw_devices xc7a35t_0] -filter {CELL_NAME=~"UART_Sendmultiplebytes1"}]]
endgroup
startgroup
set_property OUTPUT_VALUE 0 [get_hw_probes test_en -of_objects [get_hw_vios -of_objects [get_hw_devices xc7a35t_0] -filter {CELL_NAME=~"UART_Sendmultiplebytes1"}]]
commit_hw_vio [get_hw_probes {test_en} -of_objects [get_hw_vios -of_objects [get_hw_devices xc7a35t_0] -filter {CELL_NAME=~"UART_Sendmultiplebytes1"}]]
endgroup
startgroup
set_property OUTPUT_VALUE 1 [get_hw_probes test_en -of_objects [get_hw_vios -of_objects [get_hw_devices xc7a35t_0] -filter {CELL_NAME=~"UART_Sendmultiplebytes1"}]]
commit_hw_vio [get_hw_probes {test_en} -of_objects [get_hw_vios -of_objects [get_hw_devices xc7a35t_0] -filter {CELL_NAME=~"UART_Sendmultiplebytes1"}]]
endgroup
startgroup
set_property OUTPUT_VALUE 0 [get_hw_probes test_en -of_objects [get_hw_vios -of_objects [get_hw_devices xc7a35t_0] -filter {CELL_NAME=~"UART_Sendmultiplebytes1"}]]
commit_hw_vio [get_hw_probes {test_en} -of_objects [get_hw_vios -of_objects [get_hw_devices xc7a35t_0] -filter {CELL_NAME=~"UART_Sendmultiplebytes1"}]]
endgroup
startgroup
set_property OUTPUT_VALUE 1 [get_hw_probes test_en -of_objects [get_hw_vios -of_objects [get_hw_devices xc7a35t_0] -filter {CELL_NAME=~"UART_Sendmultiplebytes1"}]]
commit_hw_vio [get_hw_probes {test_en} -of_objects [get_hw_vios -of_objects [get_hw_devices xc7a35t_0] -filter {CELL_NAME=~"UART_Sendmultiplebytes1"}]]
endgroup
startgroup
set_property OUTPUT_VALUE 0 [get_hw_probes test_en -of_objects [get_hw_vios -of_objects [get_hw_devices xc7a35t_0] -filter {CELL_NAME=~"UART_Sendmultiplebytes1"}]]
commit_hw_vio [get_hw_probes {test_en} -of_objects [get_hw_vios -of_objects [get_hw_devices xc7a35t_0] -filter {CELL_NAME=~"UART_Sendmultiplebytes1"}]]
endgroup
startgroup
set_property OUTPUT_VALUE 1 [get_hw_probes test_en -of_objects [get_hw_vios -of_objects [get_hw_devices xc7a35t_0] -filter {CELL_NAME=~"UART_Sendmultiplebytes1"}]]
commit_hw_vio [get_hw_probes {test_en} -of_objects [get_hw_vios -of_objects [get_hw_devices xc7a35t_0] -filter {CELL_NAME=~"UART_Sendmultiplebytes1"}]]
endgroup
startgroup
set_property OUTPUT_VALUE 0 [get_hw_probes test_en -of_objects [get_hw_vios -of_objects [get_hw_devices xc7a35t_0] -filter {CELL_NAME=~"UART_Sendmultiplebytes1"}]]
commit_hw_vio [get_hw_probes {test_en} -of_objects [get_hw_vios -of_objects [get_hw_devices xc7a35t_0] -filter {CELL_NAME=~"UART_Sendmultiplebytes1"}]]
endgroup
startgroup
set_property OUTPUT_VALUE 1 [get_hw_probes test_en -of_objects [get_hw_vios -of_objects [get_hw_devices xc7a35t_0] -filter {CELL_NAME=~"UART_Sendmultiplebytes1"}]]
commit_hw_vio [get_hw_probes {test_en} -of_objects [get_hw_vios -of_objects [get_hw_devices xc7a35t_0] -filter {CELL_NAME=~"UART_Sendmultiplebytes1"}]]
endgroup
startgroup
set_property OUTPUT_VALUE 0 [get_hw_probes test_en -of_objects [get_hw_vios -of_objects [get_hw_devices xc7a35t_0] -filter {CELL_NAME=~"UART_Sendmultiplebytes1"}]]
commit_hw_vio [get_hw_probes {test_en} -of_objects [get_hw_vios -of_objects [get_hw_devices xc7a35t_0] -filter {CELL_NAME=~"UART_Sendmultiplebytes1"}]]
endgroup
startgroup
set_property OUTPUT_VALUE 1 [get_hw_probes test_en -of_objects [get_hw_vios -of_objects [get_hw_devices xc7a35t_0] -filter {CELL_NAME=~"UART_Sendmultiplebytes1"}]]
commit_hw_vio [get_hw_probes {test_en} -of_objects [get_hw_vios -of_objects [get_hw_devices xc7a35t_0] -filter {CELL_NAME=~"UART_Sendmultiplebytes1"}]]
endgroup
startgroup
set_property OUTPUT_VALUE 0 [get_hw_probes test_en -of_objects [get_hw_vios -of_objects [get_hw_devices xc7a35t_0] -filter {CELL_NAME=~"UART_Sendmultiplebytes1"}]]
commit_hw_vio [get_hw_probes {test_en} -of_objects [get_hw_vios -of_objects [get_hw_devices xc7a35t_0] -filter {CELL_NAME=~"UART_Sendmultiplebytes1"}]]
endgroup
startgroup
set_property OUTPUT_VALUE 1 [get_hw_probes test_en -of_objects [get_hw_vios -of_objects [get_hw_devices xc7a35t_0] -filter {CELL_NAME=~"UART_Sendmultiplebytes1"}]]
commit_hw_vio [get_hw_probes {test_en} -of_objects [get_hw_vios -of_objects [get_hw_devices xc7a35t_0] -filter {CELL_NAME=~"UART_Sendmultiplebytes1"}]]
endgroup
startgroup
set_property OUTPUT_VALUE 0 [get_hw_probes test_en -of_objects [get_hw_vios -of_objects [get_hw_devices xc7a35t_0] -filter {CELL_NAME=~"UART_Sendmultiplebytes1"}]]
commit_hw_vio [get_hw_probes {test_en} -of_objects [get_hw_vios -of_objects [get_hw_devices xc7a35t_0] -filter {CELL_NAME=~"UART_Sendmultiplebytes1"}]]
endgroup
startgroup
set_property OUTPUT_VALUE 1 [get_hw_probes test_en -of_objects [get_hw_vios -of_objects [get_hw_devices xc7a35t_0] -filter {CELL_NAME=~"UART_Sendmultiplebytes1"}]]
commit_hw_vio [get_hw_probes {test_en} -of_objects [get_hw_vios -of_objects [get_hw_devices xc7a35t_0] -filter {CELL_NAME=~"UART_Sendmultiplebytes1"}]]
endgroup
startgroup
set_property OUTPUT_VALUE 0 [get_hw_probes test_en -of_objects [get_hw_vios -of_objects [get_hw_devices xc7a35t_0] -filter {CELL_NAME=~"UART_Sendmultiplebytes1"}]]
commit_hw_vio [get_hw_probes {test_en} -of_objects [get_hw_vios -of_objects [get_hw_devices xc7a35t_0] -filter {CELL_NAME=~"UART_Sendmultiplebytes1"}]]
endgroup
startgroup
set_property OUTPUT_VALUE 1 [get_hw_probes test_en -of_objects [get_hw_vios -of_objects [get_hw_devices xc7a35t_0] -filter {CELL_NAME=~"UART_Sendmultiplebytes1"}]]
commit_hw_vio [get_hw_probes {test_en} -of_objects [get_hw_vios -of_objects [get_hw_devices xc7a35t_0] -filter {CELL_NAME=~"UART_Sendmultiplebytes1"}]]
endgroup
startgroup
set_property OUTPUT_VALUE 0 [get_hw_probes test_en -of_objects [get_hw_vios -of_objects [get_hw_devices xc7a35t_0] -filter {CELL_NAME=~"UART_Sendmultiplebytes1"}]]
commit_hw_vio [get_hw_probes {test_en} -of_objects [get_hw_vios -of_objects [get_hw_devices xc7a35t_0] -filter {CELL_NAME=~"UART_Sendmultiplebytes1"}]]
endgroup
startgroup
set_property OUTPUT_VALUE 1 [get_hw_probes test_en -of_objects [get_hw_vios -of_objects [get_hw_devices xc7a35t_0] -filter {CELL_NAME=~"UART_Sendmultiplebytes1"}]]
commit_hw_vio [get_hw_probes {test_en} -of_objects [get_hw_vios -of_objects [get_hw_devices xc7a35t_0] -filter {CELL_NAME=~"UART_Sendmultiplebytes1"}]]
endgroup
startgroup
set_property OUTPUT_VALUE 0 [get_hw_probes test_en -of_objects [get_hw_vios -of_objects [get_hw_devices xc7a35t_0] -filter {CELL_NAME=~"UART_Sendmultiplebytes1"}]]
commit_hw_vio [get_hw_probes {test_en} -of_objects [get_hw_vios -of_objects [get_hw_devices xc7a35t_0] -filter {CELL_NAME=~"UART_Sendmultiplebytes1"}]]
endgroup
set_property OUTPUT_VALUE 15120251531302011484 [get_hw_probes senddata -of_objects [get_hw_vios -of_objects [get_hw_devices xc7a35t_0] -filter {CELL_NAME=~"UART_Sendmultiplebytes1"}]]
commit_hw_vio [get_hw_probes {senddata} -of_objects [get_hw_vios -of_objects [get_hw_devices xc7a35t_0] -filter {CELL_NAME=~"UART_Sendmultiplebytes1"}]]
startgroup
set_property OUTPUT_VALUE 1 [get_hw_probes test_en -of_objects [get_hw_vios -of_objects [get_hw_devices xc7a35t_0] -filter {CELL_NAME=~"UART_Sendmultiplebytes1"}]]
commit_hw_vio [get_hw_probes {test_en} -of_objects [get_hw_vios -of_objects [get_hw_devices xc7a35t_0] -filter {CELL_NAME=~"UART_Sendmultiplebytes1"}]]
endgroup
startgroup
set_property OUTPUT_VALUE 0 [get_hw_probes test_en -of_objects [get_hw_vios -of_objects [get_hw_devices xc7a35t_0] -filter {CELL_NAME=~"UART_Sendmultiplebytes1"}]]
commit_hw_vio [get_hw_probes {test_en} -of_objects [get_hw_vios -of_objects [get_hw_devices xc7a35t_0] -filter {CELL_NAME=~"UART_Sendmultiplebytes1"}]]
endgroup
startgroup
set_property OUTPUT_VALUE 1 [get_hw_probes test_en -of_objects [get_hw_vios -of_objects [get_hw_devices xc7a35t_0] -filter {CELL_NAME=~"UART_Sendmultiplebytes1"}]]
commit_hw_vio [get_hw_probes {test_en} -of_objects [get_hw_vios -of_objects [get_hw_devices xc7a35t_0] -filter {CELL_NAME=~"UART_Sendmultiplebytes1"}]]
endgroup
startgroup
set_property OUTPUT_VALUE 0 [get_hw_probes test_en -of_objects [get_hw_vios -of_objects [get_hw_devices xc7a35t_0] -filter {CELL_NAME=~"UART_Sendmultiplebytes1"}]]
commit_hw_vio [get_hw_probes {test_en} -of_objects [get_hw_vios -of_objects [get_hw_devices xc7a35t_0] -filter {CELL_NAME=~"UART_Sendmultiplebytes1"}]]
endgroup
startgroup
set_property OUTPUT_VALUE 1 [get_hw_probes test_en -of_objects [get_hw_vios -of_objects [get_hw_devices xc7a35t_0] -filter {CELL_NAME=~"UART_Sendmultiplebytes1"}]]
commit_hw_vio [get_hw_probes {test_en} -of_objects [get_hw_vios -of_objects [get_hw_devices xc7a35t_0] -filter {CELL_NAME=~"UART_Sendmultiplebytes1"}]]
endgroup
startgroup
set_property OUTPUT_VALUE 0 [get_hw_probes test_en -of_objects [get_hw_vios -of_objects [get_hw_devices xc7a35t_0] -filter {CELL_NAME=~"UART_Sendmultiplebytes1"}]]
commit_hw_vio [get_hw_probes {test_en} -of_objects [get_hw_vios -of_objects [get_hw_devices xc7a35t_0] -filter {CELL_NAME=~"UART_Sendmultiplebytes1"}]]
endgroup
startgroup
set_property OUTPUT_VALUE 1 [get_hw_probes test_en -of_objects [get_hw_vios -of_objects [get_hw_devices xc7a35t_0] -filter {CELL_NAME=~"UART_Sendmultiplebytes1"}]]
commit_hw_vio [get_hw_probes {test_en} -of_objects [get_hw_vios -of_objects [get_hw_devices xc7a35t_0] -filter {CELL_NAME=~"UART_Sendmultiplebytes1"}]]
endgroup
startgroup
set_property OUTPUT_VALUE 0 [get_hw_probes test_en -of_objects [get_hw_vios -of_objects [get_hw_devices xc7a35t_0] -filter {CELL_NAME=~"UART_Sendmultiplebytes1"}]]
commit_hw_vio [get_hw_probes {test_en} -of_objects [get_hw_vios -of_objects [get_hw_devices xc7a35t_0] -filter {CELL_NAME=~"UART_Sendmultiplebytes1"}]]
endgroup
reset_project
close_sim
